11-24 11:00:42.630   595   635 W CpuPowerCalculator: UID 10132 CPU freq # mismatch: Power Profile # 2 actual # 8
11-24 11:00:42.630   595   635 W CpuPowerCalculator: UID 10132 CPU freq # mismatch: Power Profile # 2 actual # 8
11-24 11:00:42.630   595   635 W CpuPowerCalculator: UID 10128 CPU cluster # mismatch: Power Profile # 2 actual # 4
11-24 11:00:42.631   595   635 W CpuPowerCalculator: UID 10128 CPU freq # mismatch: Power Profile # 2 actual # 8
11-24 11:00:42.631   595   635 W CpuPowerCalculator: UID 10128 CPU freq # mismatch: Power Profile # 2 actual # 8
11-24 11:00:42.631   401   490 W RanchuHwc: presentDisplay display has no layers to compose, flushing client target buffer.
11-24 11:00:42.631   595   635 W CpuPowerCalculator: UID 10128 CPU freq # mismatch: Power Profile # 2 actual # 8
11-24 11:00:42.631   595   635 W CpuPowerCalculator: UID 10128 CPU freq # mismatch: Power Profile # 2 actual # 8
11-24 11:00:42.631   595   635 W CpuPowerCalculator: UID 10127 CPU cluster # mismatch: Power Profile # 2 actual # 4
11-24 11:00:42.635   595   635 W CpuPowerCalculator: UID 10127 CPU freq # mismatch: Power Profile # 2 actual # 8
11-24 11:00:42.635   595   635 W CpuPowerCalculator: UID 10127 CPU freq # mismatch: Power Profile # 2 actual # 8
11-24 11:00:42.635   595   635 W CpuPowerCalculator: UID 10127 CPU freq # mismatch: Power Profile # 2 actual # 8
11-24 11:00:42.635   595   635 W CpuPowerCalculator: UID 10126 CPU cluster # mismatch: Power Profile # 2 actual # 4
11-24 11:00:42.635   595   635 W CpuPowerCalculator: UID 10126 CPU freq # mismatch: Power Profile # 2 actual # 8
11-24 11:00:42.636   595   635 W CpuPowerCalculator: UID 10126 CPU freq # mismatch: Power Profile # 2 actual # 8
11-24 11:00:42.636   595   635 W CpuPowerCalculator: UID 10126 CPU freq # mismatch: Power Profile # 2 actual # 8
11-24 11:00:42.636   595   635 W CpuPowerCalculator: UID 10125 CPU cluster # mismatch: Power Profile # 2 actual # 4
11-24 11:00:42.636   595   635 W CpuPowerCalculator: UID 10125 CPU freq # mismatch: Power Profile # 2 actual # 8
11-24 11:00:42.639   595   635 W CpuPowerCalculator: UID 10125 CPU freq # mismatch: Power Profile # 2 actual # 8
11-24 11:00:42.639   595   635 W CpuPowerCalculator: UID 10125 CPU freq # mismatch: Power Profile # 2 actual # 8
11-24 11:00:42.639   595   635 W CpuPowerCalculator: UID 10125 CPU freq # mismatch: Power Profile # 2 actual # 8
11-24 11:00:42.639   401   490 W RanchuHwc: presentDisplay display has no layers to compose, flushing client target buffer.
11-24 11:00:42.639   595   635 W CpuPowerCalculator: UID 10123 CPU cluster # mismatch: Power Profile # 2 actual # 4
11-24 11:00:42.639   595   635 W CpuPowerCalculator: UID 10123 CPU freq # mismatch: Power Profile # 2 actual # 8
11-24 11:00:42.640   595   635 W CpuPowerCalculator: UID 10123 CPU freq # mismatch: Power Profile # 2 actual # 8
11-24 11:00:42.641   595   635 W CpuPowerCalculator: UID 10123 CPU freq # mismatch: Power Profile # 2 actual # 8
11-24 11:00:42.642   595   635 W CpuPowerCalculator: UID 10119 CPU cluster # mismatch: Power Profile # 2 actual # 4
11-24 11:00:42.642   595   635 W CpuPowerCalculator: UID 10119 CPU freq # mismatch: Power Profile # 2 actual # 8
11-24 11:00:42.642   595   635 W CpuPowerCalculator: UID 10119 CPU freq # mismatch: Power Profile # 2 actual # 8
11-24 11:00:42.642   595   635 W CpuPowerCalculator: UID 10119 CPU freq # mismatch: Power Profile # 2 actual # 8
11-24 11:00:42.642   595   635 W CpuPowerCalculator: UID 10118 CPU cluster # mismatch: Power Profile # 2 actual # 4
11-24 11:00:42.642   595   635 W CpuPowerCalculator: UID 10118 CPU freq # mismatch: Power Profile # 2 actual # 8
11-24 11:00:42.642   595   635 W CpuPowerCalculator: UID 10118 CPU freq # mismatch: Power Profile # 2 actual # 8
11-24 11:00:42.642   595   635 W CpuPowerCalculator: UID 10118 CPU freq # mismatch: Power Profile # 2 actual # 8
11-24 11:00:42.642   595   635 W CpuPowerCalculator: UID 10117 CPU cluster # mismatch: Power Profile # 2 actual # 4
11-24 11:00:42.642   595   635 W CpuPowerCalculator: UID 10117 CPU freq # mismatch: Power Profile # 2 actual # 8
11-24 11:00:42.642   595   635 W CpuPowerCalculator: UID 10117 CPU freq # mismatch: Power Profile # 2 actual # 8
11-24 11:00:42.642   595   635 W CpuPowerCalculator: UID 10117 CPU freq # mismatch: Power Profile # 2 actual # 8
11-24 11:00:42.644   595   635 W CpuPowerCalculator: UID 10117 CPU freq # mismatch: Power Profile # 2 actual # 8
11-24 11:00:42.644   595   635 W CpuPowerCalculator: UID 10117 CPU freq # mismatch: Power Profile # 2 actual # 8
11-24 11:00:42.644   595   635 W CpuPowerCalculator: UID 10116 CPU cluster # mismatch: Power Profile # 2 actual # 4
11-24 11:00:42.644   595   635 W CpuPowerCalculator: UID 10116 CPU freq # mismatch: Power Profile # 2 actual # 8
11-24 11:00:42.645   595   635 W CpuPowerCalculator: UID 10116 CPU freq # mismatch: Power Profile # 2 actual # 8
11-24 11:00:42.645   595   635 W CpuPowerCalculator: UID 10116 CPU freq # mismatch: Power Profile # 2 actual # 8
11-24 11:00:42.645   595   635 W CpuPowerCalculator: UID 10115 CPU cluster # mismatch: Power Profile # 2 actual # 4
11-24 11:00:42.645   595   635 W CpuPowerCalculator: UID 10115 CPU freq # mismatch: Power Profile # 2 actual # 8
11-24 11:00:42.645   595   635 W CpuPowerCalculator: UID 10115 CPU freq # mismatch: Power Profile # 2 actual # 8
11-24 11:00:42.645   595   635 W CpuPowerCalculator: UID 10115 CPU freq # mismatch: Power Profile # 2 actual # 8
11-24 11:00:42.646   595   635 W CpuPowerCalculator: UID 10115 CPU freq # mismatch: Power Profile # 2 actual # 8
11-24 11:00:42.646   595   635 W CpuPowerCalculator: UID 10114 CPU cluster # mismatch: Power Profile # 2 actual # 4
11-24 11:00:42.646   595   635 W CpuPowerCalculator: UID 10114 CPU freq # mismatch: Power Profile # 2 actual # 8
11-24 11:00:42.647   595   635 W CpuPowerCalculator: UID 10114 CPU freq # mismatch: Power Profile # 2 actual # 8
11-24 11:00:42.647   595   635 W CpuPowerCalculator: UID 10114 CPU freq # mismatch: Power Profile # 2 actual # 8
11-24 11:00:42.647   595   635 W CpuPowerCalculator: UID 10114 CPU freq # mismatch: Power Profile # 2 actual # 8
11-24 11:00:42.647   595   635 W CpuPowerCalculator: UID 10113 CPU cluster # mismatch: Power Profile # 2 actual # 4
11-24 11:00:42.647   595   635 W CpuPowerCalculator: UID 10113 CPU freq # mismatch: Power Profile # 2 actual # 8
11-24 11:00:42.647   595   635 W CpuPowerCalculator: UID 10113 CPU freq # mismatch: Power Profile # 2 actual # 8
11-24 11:00:42.648   595   635 W CpuPowerCalculator: UID 10113 CPU freq # mismatch: Power Profile # 2 actual # 8
11-24 11:00:42.648   595   635 W CpuPowerCalculator: UID 10113 CPU freq # mismatch: Power Profile # 2 actual # 8
11-24 11:00:42.648   595   635 W CpuPowerCalculator: UID 10111 CPU cluster # mismatch: Power Profile # 2 actual # 4
11-24 11:00:42.648   595   635 W CpuPowerCalculator: UID 10111 CPU freq # mismatch: Power Profile # 2 actual # 8
11-24 11:00:42.649   595   635 W CpuPowerCalculator: UID 10111 CPU freq # mismatch: Power Profile # 2 actual # 8
11-24 11:00:42.649   595   635 W CpuPowerCalculator: UID 10111 CPU freq # mismatch: Power Profile # 2 actual # 8
11-24 11:00:42.649   595   635 W CpuPowerCalculator: UID 10109 CPU cluster # mismatch: Power Profile # 2 actual # 4
11-24 11:00:42.649   595   635 W CpuPowerCalculator: UID 10109 CPU freq # mismatch: Power Profile # 2 actual # 8
11-24 11:00:42.649   595   635 W CpuPowerCalculator: UID 10109 CPU freq # mismatch: Power Profile # 2 actual # 8
11-24 11:00:42.649   595   635 W CpuPowerCalculator: UID 10109 CPU freq # mismatch: Power Profile # 2 actual # 8
11-24 11:00:42.649   595   635 W CpuPowerCalculator: UID 10108 CPU cluster # mismatch: Power Profile # 2 actual # 4
11-24 11:00:42.649   595   635 W CpuPowerCalculator: UID 10108 CPU freq # mismatch: Power Profile # 2 actual # 8
11-24 11:00:42.650   595   635 W CpuPowerCalculator: UID 10108 CPU freq # mismatch: Power Profile # 2 actual # 8
11-24 11:00:42.650   595   635 W CpuPowerCalculator: UID 10108 CPU freq # mismatch: Power Profile # 2 actual # 8
11-24 11:00:42.650   595   635 W CpuPowerCalculator: UID 10108 CPU freq # mismatch: Power Profile # 2 actual # 8
11-24 11:00:42.650   595   635 W CpuPowerCalculator: UID 10104 CPU cluster # mismatch: Power Profile # 2 actual # 4
11-24 11:00:42.650   595   635 W CpuPowerCalculator: UID 10104 CPU freq # mismatch: Power Profile # 2 actual # 8
11-24 11:00:42.650   595   635 W CpuPowerCalculator: UID 10104 CPU freq # mismatch: Power Profile # 2 actual # 8
11-24 11:00:42.650   595   635 W CpuPowerCalculator: UID 10104 CPU freq # mismatch: Power Profile # 2 actual # 8
11-24 11:00:42.651   595   635 W CpuPowerCalculator: UID 10104 CPU freq # mismatch: Power Profile # 2 actual # 8
11-24 11:00:42.651   595   635 W CpuPowerCalculator: UID 10104 CPU freq # mismatch: Power Profile # 2 actual # 8
11-24 11:00:42.651   595   635 W CpuPowerCalculator: UID 10103 CPU cluster # mismatch: Power Profile # 2 actual # 4
11-24 11:00:42.651   595   635 W CpuPowerCalculator: UID 10103 CPU freq # mismatch: Power Profile # 2 actual # 8
11-24 11:00:42.651   595   635 W CpuPowerCalculator: UID 10103 CPU freq # mismatch: Power Profile # 2 actual # 8
11-24 11:00:42.651   595   635 W CpuPowerCalculator: UID 10103 CPU freq # mismatch: Power Profile # 2 actual # 8
11-24 11:00:42.651   595   635 W CpuPowerCalculator: UID 10103 CPU freq # mismatch: Power Profile # 2 actual # 8
11-24 11:00:42.651   595   635 W CpuPowerCalculator: UID 10103 CPU freq # mismatch: Power Profile # 2 actual # 8
11-24 11:00:42.651   595   635 W CpuPowerCalculator: UID 10102 CPU cluster # mismatch: Power Profile # 2 actual # 4
11-24 11:00:42.652   595   635 W CpuPowerCalculator: UID 10102 CPU freq # mismatch: Power Profile # 2 actual # 8
11-24 11:00:42.652   595   635 W CpuPowerCalculator: UID 10102 CPU freq # mismatch: Power Profile # 2 actual # 8
11-24 11:00:42.652   595   635 W CpuPowerCalculator: UID 10102 CPU freq # mismatch: Power Profile # 2 actual # 8
11-24 11:00:42.652   595   635 W CpuPowerCalculator: UID 10102 CPU freq # mismatch: Power Profile # 2 actual # 8
11-24 11:00:42.652   595   635 W CpuPowerCalculator: UID 10102 CPU freq # mismatch: Power Profile # 2 actual # 8
11-24 11:00:42.652   595   635 W CpuPowerCalculator: UID 10102 CPU freq # mismatch: Power Profile # 2 actual # 8
11-24 11:00:42.652   595   635 W CpuPowerCalculator: UID 10101 CPU cluster # mismatch: Power Profile # 2 actual # 4
11-24 11:00:42.654   440   466 W TransactionTracing: Could not find layer handle 0x785a4be5f050
11-24 11:00:42.654   440   466 W TransactionTracing: Could not find layer handle 0x785a4be605b0
11-24 11:00:42.658   595   635 W CpuPowerCalculator: UID 10101 CPU freq # mismatch: Power Profile # 2 actual # 8
11-24 11:00:42.658   595   635 W CpuPowerCalculator: UID 10101 CPU freq # mismatch: Power Profile # 2 actual # 8
11-24 11:00:42.658   401   490 W RanchuHwc: presentDisplay display has no layers to compose, flushing client target buffer.
11-24 11:00:42.658   595   635 W CpuPowerCalculator: UID 10101 CPU freq # mismatch: Power Profile # 2 actual # 8
11-24 11:00:42.658   595   635 W CpuPowerCalculator: UID 10101 CPU freq # mismatch: Power Profile # 2 actual # 8
11-24 11:00:42.658   595   635 W CpuPowerCalculator: UID 10100 CPU cluster # mismatch: Power Profile # 2 actual # 4
11-24 11:00:42.658   595   635 W CpuPowerCalculator: UID 10100 CPU freq # mismatch: Power Profile # 2 actual # 8
11-24 11:00:42.658   595   635 W CpuPowerCalculator: UID 10100 CPU freq # mismatch: Power Profile # 2 actual # 8
11-24 11:00:42.658   595   635 W CpuPowerCalculator: UID 10100 CPU freq # mismatch: Power Profile # 2 actual # 8
11-24 11:00:42.658   595   635 W CpuPowerCalculator: UID 10099 CPU cluster # mismatch: Power Profile # 2 actual # 4
11-24 11:00:42.658   595   635 W CpuPowerCalculator: UID 10099 CPU freq # mismatch: Power Profile # 2 actual # 8
11-24 11:00:42.659   595   635 W CpuPowerCalculator: UID 10099 CPU freq # mismatch: Power Profile # 2 actual # 8
11-24 11:00:42.659   595   635 W CpuPowerCalculator: UID 10099 CPU freq # mismatch: Power Profile # 2 actual # 8
11-24 11:00:42.659   595   635 W CpuPowerCalculator: UID 10099 CPU freq # mismatch: Power Profile # 2 actual # 8
11-24 11:00:42.659   595   635 W CpuPowerCalculator: UID 10098 CPU cluster # mismatch: Power Profile # 2 actual # 4
11-24 11:00:42.659   595   635 W CpuPowerCalculator: UID 10098 CPU freq # mismatch: Power Profile # 2 actual # 8
11-24 11:00:42.660   595   635 W CpuPowerCalculator: UID 10098 CPU freq # mismatch: Power Profile # 2 actual # 8
11-24 11:00:42.660   595   635 W CpuPowerCalculator: UID 10098 CPU freq # mismatch: Power Profile # 2 actual # 8
11-24 11:00:42.660   595   635 W CpuPowerCalculator: UID 10097 CPU cluster # mismatch: Power Profile # 2 actual # 4
11-24 11:00:42.660   595   635 W CpuPowerCalculator: UID 10097 CPU freq # mismatch: Power Profile # 2 actual # 8
11-24 11:00:42.660   595   635 W CpuPowerCalculator: UID 10097 CPU freq # mismatch: Power Profile # 2 actual # 8
11-24 11:00:42.660   595   635 W CpuPowerCalculator: UID 10097 CPU freq # mismatch: Power Profile # 2 actual # 8
11-24 11:00:42.660   595   635 W CpuPowerCalculator: UID 10096 CPU cluster # mismatch: Power Profile # 2 actual # 4
11-24 11:00:42.660   595   635 W CpuPowerCalculator: UID 10096 CPU freq # mismatch: Power Profile # 2 actual # 8
11-24 11:00:42.660   595   635 W CpuPowerCalculator: UID 10096 CPU freq # mismatch: Power Profile # 2 actual # 8
11-24 11:00:42.660   595   635 W CpuPowerCalculator: UID 10096 CPU freq # mismatch: Power Profile # 2 actual # 8
11-24 11:00:42.661   595   635 W CpuPowerCalculator: UID 10096 CPU freq # mismatch: Power Profile # 2 actual # 8
11-24 11:00:42.661   595   635 W CpuPowerCalculator: UID 10096 CPU freq # mismatch: Power Profile # 2 actual # 8
11-24 11:00:42.661   595   635 W CpuPowerCalculator: UID 10095 CPU cluster # mismatch: Power Profile # 2 actual # 4
11-24 11:00:42.661   595   635 W CpuPowerCalculator: UID 10095 CPU freq # mismatch: Power Profile # 2 actual # 8
11-24 11:00:42.661   595   635 W CpuPowerCalculator: UID 10095 CPU freq # mismatch: Power Profile # 2 actual # 8
11-24 11:00:42.662   595   635 W CpuPowerCalculator: UID 10095 CPU freq # mismatch: Power Profile # 2 actual # 8
11-24 11:00:42.662   595   635 W CpuPowerCalculator: UID 10095 CPU freq # mismatch: Power Profile # 2 actual # 8
11-24 11:00:42.662   595   635 W CpuPowerCalculator: UID 10094 CPU cluster # mismatch: Power Profile # 2 actual # 4
11-24 11:00:42.662   595   635 W CpuPowerCalculator: UID 10094 CPU freq # mismatch: Power Profile # 2 actual # 8
11-24 11:00:42.662   595   635 W CpuPowerCalculator: UID 10094 CPU freq # mismatch: Power Profile # 2 actual # 8
11-24 11:00:42.662   595   635 W CpuPowerCalculator: UID 10094 CPU freq # mismatch: Power Profile # 2 actual # 8
11-24 11:00:42.662   595   635 W CpuPowerCalculator: UID 10092 CPU cluster # mismatch: Power Profile # 2 actual # 4
11-24 11:00:42.662   595   635 W CpuPowerCalculator: UID 10092 CPU freq # mismatch: Power Profile # 2 actual # 8
11-24 11:00:42.662   595   635 W CpuPowerCalculator: UID 10092 CPU freq # mismatch: Power Profile # 2 actual # 8
11-24 11:00:42.663   595   635 W CpuPowerCalculator: UID 10092 CPU freq # mismatch: Power Profile # 2 actual # 8
11-24 11:00:42.663   595   635 W CpuPowerCalculator: UID 10091 CPU cluster # mismatch: Power Profile # 2 actual # 4
11-24 11:00:42.663   595   635 W CpuPowerCalculator: UID 10091 CPU freq # mismatch: Power Profile # 2 actual # 8
11-24 11:00:42.663   595   635 W CpuPowerCalculator: UID 10091 CPU freq # mismatch: Power Profile # 2 actual # 8
11-24 11:00:42.663   595   635 W CpuPowerCalculator: UID 10091 CPU freq # mismatch: Power Profile # 2 actual # 8
11-24 11:00:42.663   595   635 W CpuPowerCalculator: UID 10090 CPU cluster # mismatch: Power Profile # 2 actual # 4
11-24 11:00:42.663   595   635 W CpuPowerCalculator: UID 10090 CPU freq # mismatch: Power Profile # 2 actual # 8
11-24 11:00:42.664   595   635 W CpuPowerCalculator: UID 10090 CPU freq # mismatch: Power Profile # 2 actual # 8
11-24 11:00:42.664   595   635 W CpuPowerCalculator: UID 10090 CPU freq # mismatch: Power Profile # 2 actual # 8
11-24 11:00:42.664   595   635 W CpuPowerCalculator: UID 10090 CPU freq # mismatch: Power Profile # 2 actual # 8
11-24 11:00:42.664   595   635 W CpuPowerCalculator: UID 10089 CPU cluster # mismatch: Power Profile # 2 actual # 4
11-24 11:00:42.664   595   635 W CpuPowerCalculator: UID 10089 CPU freq # mismatch: Power Profile # 2 actual # 8
11-24 11:00:42.664   595   635 W CpuPowerCalculator: UID 10089 CPU freq # mismatch: Power Profile # 2 actual # 8
11-24 11:00:42.664   595   635 W CpuPowerCalculator: UID 10089 CPU freq # mismatch: Power Profile # 2 actual # 8
11-24 11:00:42.664   595   635 W CpuPowerCalculator: UID 10074 CPU cluster # mismatch: Power Profile # 2 actual # 4
11-24 11:00:42.664 18665 18665 D LifecycleMonitor: Lifecycle status change: androidx.test.core.app.InstrumentationActivityInvoker$EmptyActivity@b45d587 in: STOPPED
11-24 11:00:42.664   595   635 W CpuPowerCalculator: UID 10074 CPU freq # mismatch: Power Profile # 2 actual # 8
11-24 11:00:42.665   595   635 W CpuPowerCalculator: UID 10074 CPU freq # mismatch: Power Profile # 2 actual # 8
11-24 11:00:42.665   595   635 W CpuPowerCalculator: UID 10074 CPU freq # mismatch: Power Profile # 2 actual # 8
11-24 11:00:42.665   595   635 W CpuPowerCalculator: UID 10074 CPU freq # mismatch: Power Profile # 2 actual # 8
11-24 11:00:42.665   595   635 W CpuPowerCalculator: UID 10067 CPU cluster # mismatch: Power Profile # 2 actual # 4
11-24 11:00:42.665   595   635 W CpuPowerCalculator: UID 10067 CPU freq # mismatch: Power Profile # 2 actual # 8
11-24 11:00:42.665   595   635 W CpuPowerCalculator: UID 10067 CPU freq # mismatch: Power Profile # 2 actual # 8
11-24 11:00:42.665 18665 18665 V ActivityScenario: Activity lifecycle changed event received but ignored because the intent does not match. startActivityIntent=Intent { act=android.intent.action.MAIN cat=[android.intent.category.LAUNCHER] cmp=com.example.dogglers/.MainActivity }, activity.getIntent()=Intent { act=android.intent.action.MAIN cat=[android.intent.category.LAUNCHER] flg=0x10000000 cmp=com.example.dogglers/androidx.test.core.app.InstrumentationActivityInvoker$EmptyActivity }, activity=androidx.test.core.app.InstrumentationActivityInvoker$EmptyActivity@b45d587
11-24 11:00:42.665   595   635 W CpuPowerCalculator: UID 10067 CPU freq # mismatch: Power Profile # 2 actual # 8
11-24 11:00:42.665   595   635 W CpuPowerCalculator: UID 10063 CPU cluster # mismatch: Power Profile # 2 actual # 4
11-24 11:00:42.665   595   635 W CpuPowerCalculator: UID 10063 CPU freq # mismatch: Power Profile # 2 actual # 8
11-24 11:00:42.665   595   635 W CpuPowerCalculator: UID 10063 CPU freq # mismatch: Power Profile # 2 actual # 8
11-24 11:00:42.665   595   635 W CpuPowerCalculator: UID 10063 CPU freq # mismatch: Power Profile # 2 actual # 8
11-24 11:00:42.665   595   635 W CpuPowerCalculator: UID 10061 CPU cluster # mismatch: Power Profile # 2 actual # 4
11-24 11:00:42.665   595   635 W CpuPowerCalculator: UID 10061 CPU freq # mismatch: Power Profile # 2 actual # 8
11-24 11:00:42.665   595   635 W CpuPowerCalculator: UID 10061 CPU freq # mismatch: Power Profile # 2 actual # 8
11-24 11:00:42.665   595   635 W CpuPowerCalculator: UID 10061 CPU freq # mismatch: Power Profile # 2 actual # 8
11-24 11:00:42.665   595   635 W CpuPowerCalculator: UID 10061 CPU freq # mismatch: Power Profile # 2 actual # 8
11-24 11:00:42.666   595   635 W CpuPowerCalculator: UID 10060 CPU cluster # mismatch: Power Profile # 2 actual # 4
11-24 11:00:42.666   595   635 W CpuPowerCalculator: UID 10060 CPU freq # mismatch: Power Profile # 2 actual # 8
11-24 11:00:42.666   595   635 W CpuPowerCalculator: UID 10060 CPU freq # mismatch: Power Profile # 2 actual # 8
11-24 11:00:42.666 18665 18665 D LifecycleMonitor: Lifecycle status change: androidx.test.core.app.InstrumentationActivityInvoker$EmptyActivity@b45d587 in: DESTROYED
11-24 11:00:42.666   595   635 W CpuPowerCalculator: UID 10060 CPU freq # mismatch: Power Profile # 2 actual # 8
11-24 11:00:42.666   595   635 W CpuPowerCalculator: UID 10060 CPU freq # mismatch: Power Profile # 2 actual # 8
11-24 11:00:42.667 18665 18665 V ActivityScenario: Activity lifecycle changed event received but ignored because the intent does not match. startActivityIntent=Intent { act=android.intent.action.MAIN cat=[android.intent.category.LAUNCHER] cmp=com.example.dogglers/.MainActivity }, activity.getIntent()=Intent { act=android.intent.action.MAIN cat=[android.intent.category.LAUNCHER] flg=0x10000000 cmp=com.example.dogglers/androidx.test.core.app.InstrumentationActivityInvoker$EmptyActivity }, activity=androidx.test.core.app.InstrumentationActivityInvoker$EmptyActivity@b45d587
11-24 11:00:42.667   595   635 W CpuPowerCalculator: UID 10060 CPU freq # mismatch: Power Profile # 2 actual # 8
11-24 11:00:42.667   595   635 W CpuPowerCalculator: UID 10059 CPU cluster # mismatch: Power Profile # 2 actual # 4
11-24 11:00:42.667   595   635 W CpuPowerCalculator: UID 10059 CPU freq # mismatch: Power Profile # 2 actual # 8
11-24 11:00:42.667   595   635 W CpuPowerCalculator: UID 10059 CPU freq # mismatch: Power Profile # 2 actual # 8
11-24 11:00:42.668   595   635 W CpuPowerCalculator: UID 10059 CPU freq # mismatch: Power Profile # 2 actual # 8
11-24 11:00:42.668   595   635 W CpuPowerCalculator: UID 10057 CPU cluster # mismatch: Power Profile # 2 actual # 4
11-24 11:00:42.668   595   635 W CpuPowerCalculator: UID 10057 CPU freq # mismatch: Power Profile # 2 actual # 8
11-24 11:00:42.669   595   635 W CpuPowerCalculator: UID 10057 CPU freq # mismatch: Power Profile # 2 actual # 8
11-24 11:00:42.669   595   635 W CpuPowerCalculator: UID 10057 CPU freq # mismatch: Power Profile # 2 actual # 8
11-24 11:00:42.669   595   635 W CpuPowerCalculator: UID 10057 CPU freq # mismatch: Power Profile # 2 actual # 8
11-24 11:00:42.669   595   635 W CpuPowerCalculator: UID 9999 CPU cluster # mismatch: Power Profile # 2 actual # 4
11-24 11:00:42.669   595   635 W CpuPowerCalculator: UID 9999 CPU freq # mismatch: Power Profile # 2 actual # 8
11-24 11:00:42.671   595  2168 W InputManager-JNI: Input channel object '25e9f6c com.example.dogglers/androidx.test.core.app.InstrumentationActivityInvoker$EmptyActivity (client)' was disposed without first being removed with the input manager!
11-24 11:00:42.672   595   635 W CpuPowerCalculator: UID 2000 CPU cluster # mismatch: Power Profile # 2 actual # 4
11-24 11:00:42.672   595   635 W CpuPowerCalculator: UID 2000 CPU freq # mismatch: Power Profile # 2 actual # 8
11-24 11:00:42.672   401   490 W RanchuHwc: presentDisplay display has no layers to compose, flushing client target buffer.
11-24 11:00:42.672   595   635 W CpuPowerCalculator: UID 2000 CPU freq # mismatch: Power Profile # 2 actual # 8
11-24 11:00:42.673   595   635 W CpuPowerCalculator: UID 2000 CPU freq # mismatch: Power Profile # 2 actual # 8
11-24 11:00:42.673   595   635 W CpuPowerCalculator: UID 1073 CPU cluster # mismatch: Power Profile # 2 actual # 4
11-24 11:00:42.673   595   635 W CpuPowerCalculator: UID 1073 CPU freq # mismatch: Power Profile # 2 actual # 8
11-24 11:00:42.673   595   635 W CpuPowerCalculator: UID 1073 CPU freq # mismatch: Power Profile # 2 actual # 8
11-24 11:00:42.674   595   635 W CpuPowerCalculator: UID 1073 CPU freq # mismatch: Power Profile # 2 actual # 8
11-24 11:00:42.674   595   635 W CpuPowerCalculator: UID 1072 CPU cluster # mismatch: Power Profile # 2 actual # 4
11-24 11:00:42.674   595   635 W CpuPowerCalculator: UID 1072 CPU freq # mismatch: Power Profile # 2 actual # 8
11-24 11:00:42.674   595   635 W CpuPowerCalculator: UID 1069 CPU cluster # mismatch: Power Profile # 2 actual # 4
11-24 11:00:42.675   595   635 W CpuPowerCalculator: UID 1069 CPU freq # mismatch: Power Profile # 2 actual # 8
11-24 11:00:42.675   595   635 W CpuPowerCalculator: UID 1068 CPU cluster # mismatch: Power Profile # 2 actual # 4
11-24 11:00:42.675   595   635 W CpuPowerCalculator: UID 1068 CPU freq # mismatch: Power Profile # 2 actual # 8
11-24 11:00:42.675   595   635 W CpuPowerCalculator: UID 1068 CPU freq # mismatch: Power Profile # 2 actual # 8
11-24 11:00:42.676   595   635 W CpuPowerCalculator: UID 1068 CPU freq # mismatch: Power Profile # 2 actual # 8
11-24 11:00:42.676   595   635 W CpuPowerCalculator: UID 1067 CPU cluster # mismatch: Power Profile # 2 actual # 4
11-24 11:00:42.676   595   635 W CpuPowerCalculator: UID 1067 CPU freq # mismatch: Power Profile # 2 actual # 8
11-24 11:00:42.676   595   635 W CpuPowerCalculator: UID 1066 CPU cluster # mismatch: Power Profile # 2 actual # 4
11-24 11:00:42.676   595   635 W CpuPowerCalculator: UID 1066 CPU freq # mismatch: Power Profile # 2 actual # 8
11-24 11:00:42.677   595   635 W CpuPowerCalculator: UID 1058 CPU cluster # mismatch: Power Profile # 2 actual # 4
11-24 11:00:42.677   595   635 W CpuPowerCalculator: UID 1058 CPU freq # mismatch: Power Profile # 2 actual # 8
11-24 11:00:42.677   595   635 W CpuPowerCalculator: UID 1053 CPU cluster # mismatch: Power Profile # 2 actual # 4
11-24 11:00:42.677   595   635 W CpuPowerCalculator: UID 1053 CPU freq # mismatch: Power Profile # 2 actual # 8
11-24 11:00:42.677   595   635 W CpuPowerCalculator: UID 1047 CPU cluster # mismatch: Power Profile # 2 actual # 4
11-24 11:00:42.677   595   635 W CpuPowerCalculator: UID 1047 CPU freq # mismatch: Power Profile # 2 actual # 8
11-24 11:00:42.679   595   635 W CpuPowerCalculator: UID 1046 CPU cluster # mismatch: Power Profile # 2 actual # 4
11-24 11:00:42.679   595   635 W CpuPowerCalculator: UID 1046 CPU freq # mismatch: Power Profile # 2 actual # 8
11-24 11:00:42.679   595   635 W CpuPowerCalculator: UID 1041 CPU cluster # mismatch: Power Profile # 2 actual # 4
11-24 11:00:42.679  1452  1452 I GoogleInputMethodService: GoogleInputMethodService.onFinishInput():3204
11-24 11:00:42.679   595   635 W CpuPowerCalculator: UID 1041 CPU freq # mismatch: Power Profile # 2 actual # 8
11-24 11:00:42.679   595   635 W CpuPowerCalculator: UID 1040 CPU cluster # mismatch: Power Profile # 2 actual # 4
11-24 11:00:42.679   595   635 W CpuPowerCalculator: UID 1040 CPU freq # mismatch: Power Profile # 2 actual # 8
11-24 11:00:42.679   595   635 W CpuPowerCalculator: UID 1036 CPU cluster # mismatch: Power Profile # 2 actual # 4
11-24 11:00:42.679   595   635 W CpuPowerCalculator: UID 1036 CPU freq # mismatch: Power Profile # 2 actual # 8
11-24 11:00:42.679   595   635 W CpuPowerCalculator: UID 1021 CPU cluster # mismatch: Power Profile # 2 actual # 4
11-24 11:00:42.679   595   635 W CpuPowerCalculator: UID 1021 CPU freq # mismatch: Power Profile # 2 actual # 8
11-24 11:00:42.679   595   635 W CpuPowerCalculator: UID 1020 CPU cluster # mismatch: Power Profile # 2 actual # 4
11-24 11:00:42.679   595   635 W CpuPowerCalculator: UID 1020 CPU freq # mismatch: Power Profile # 2 actual # 8
11-24 11:00:42.680   595   635 W CpuPowerCalculator: UID 1019 CPU cluster # mismatch: Power Profile # 2 actual # 4
11-24 11:00:42.680  1452  1452 I GoogleInputMethodService: GoogleInputMethodService.updateDeviceLockedStatus():2100 checkRepeatedly = false, unlocked = true
11-24 11:00:42.680   595   635 W CpuPowerCalculator: UID 1019 CPU freq # mismatch: Power Profile # 2 actual # 8
11-24 11:00:42.680   595   635 W CpuPowerCalculator: UID 1017 CPU cluster # mismatch: Power Profile # 2 actual # 4
11-24 11:00:42.680  1452  1452 I GoogleInputMethodService: GoogleInputMethodService.onStartInput():1903 onStartInput(EditorInfo{inputType=0x0(NULL) imeOptions=0x0 privateImeOptions=null actionName=UNSPECIFIED actionLabel=null actionId=0 initialSelStart=-1 initialSelEnd=-1 initialCapsMode=0x0 hintText=null label=null packageName=com.example.dogglers fieldId=-1 fieldName=null extras=null}, false)
11-24 11:00:42.680   595   635 W CpuPowerCalculator: UID 1017 CPU freq # mismatch: Power Profile # 2 actual # 8
11-24 11:00:42.680   595   635 W CpuPowerCalculator: UID 1013 CPU cluster # mismatch: Power Profile # 2 actual # 4
11-24 11:00:42.680   595   635 W CpuPowerCalculator: UID 1013 CPU freq # mismatch: Power Profile # 2 actual # 8
11-24 11:00:42.680  1452  1452 I GoogleInputMethodService: GoogleInputMethodService.updateDeviceLockedStatus():2100 checkRepeatedly = true, unlocked = true
11-24 11:00:42.680   595   635 W CpuPowerCalculator: UID 1010 CPU cluster # mismatch: Power Profile # 2 actual # 4
11-24 11:00:42.681   595   635 W CpuPowerCalculator: UID 1010 CPU freq # mismatch: Power Profile # 2 actual # 8
11-24 11:00:42.681   595   635 W CpuPowerCalculator: UID 1003 CPU cluster # mismatch: Power Profile # 2 actual # 4
11-24 11:00:42.681   595   635 W CpuPowerCalculator: UID 1003 CPU freq # mismatch: Power Profile # 2 actual # 8
11-24 11:00:42.681   595   635 W CpuPowerCalculator: UID 1002 CPU cluster # mismatch: Power Profile # 2 actual # 4
11-24 11:00:42.681   595   635 W CpuPowerCalculator: UID 1002 CPU freq # mismatch: Power Profile # 2 actual # 8
11-24 11:00:42.681   595   635 W CpuPowerCalculator: UID 1002 CPU freq # mismatch: Power Profile # 2 actual # 8
11-24 11:00:42.681   595   635 W CpuPowerCalculator: UID 1002 CPU freq # mismatch: Power Profile # 2 actual # 8
11-24 11:00:42.681   595   635 W CpuPowerCalculator: UID 1001 CPU cluster # mismatch: Power Profile # 2 actual # 4
11-24 11:00:42.681   595   635 W CpuPowerCalculator: UID 1001 CPU freq # mismatch: Power Profile # 2 actual # 8
11-24 11:00:42.681   595   635 W CpuPowerCalculator: UID 1001 CPU freq # mismatch: Power Profile # 2 actual # 8
11-24 11:00:42.681   595   635 W CpuPowerCalculator: UID 1001 CPU freq # mismatch: Power Profile # 2 actual # 8
11-24 11:00:42.682   595   635 W CpuPowerCalculator: UID 1000 CPU cluster # mismatch: Power Profile # 2 actual # 4
11-24 11:00:42.682   595   635 W CpuPowerCalculator: UID 1000 CPU freq # mismatch: Power Profile # 2 actual # 8
11-24 11:00:42.682   595   635 W CpuPowerCalculator: UID 1000 CPU freq # mismatch: Power Profile # 2 actual # 8
11-24 11:00:42.682   595   635 W CpuPowerCalculator: UID 1000 CPU freq # mismatch: Power Profile # 2 actual # 8
11-24 11:00:42.682   595   635 W CpuPowerCalculator: UID 0 CPU cluster # mismatch: Power Profile # 2 actual # 4
11-24 11:00:42.682   595   635 W CpuPowerCalculator: UID 0 CPU freq # mismatch: Power Profile # 2 actual # 8
11-24 11:00:42.690 18665 18686 I TestRunner: finished: clicking_vertical_list_button_displays_vertical_list(com.example.dogglers.ButtonTests)
